</span></td>
		</tr>
		<tr align="center">
			<td class="td_title02">
				奖项</td>
			<td class="td_title02">
				中奖注数</td>
			<td class="td_title02">
				单注奖金（元）</td>
		</tr>
		<tr align="center">
			<td>
				一等奖</td>
			<td>
				3</td>
			<td>
				10,000,000</td>
		</tr>
		<tr align="center">
			<td>
				二等奖</td>
			<td>
				98</td>
			<td>
				252,093</td>
		</tr>
		<tr align="center">
			<td>
				三等奖</td>
			<td>
				1026</td>
			<td>
				3,000</td>
		</tr>
		<tr align="center">
			<td>
				四等奖</td>
			<td>
				56247</td>
			<td>
				200</td>
		</tr>
		<tr align="center">
			<td>
				五等奖</td>
			<td>
				1158668</td>
			<td>
				10</td>
		</tr>
		<tr align="center">
			<td>
				六等奖</td>
			<td>
				7442207</td>
			<td>
				5</td>
		</tr>
              <!--   -->
              <!--   0-->
		<tr>
			<td colspan="2">
                                